../Core/Src/main.c:92:6:resetTimerCounter	16	static
../Core/Src/main.c:104:5:main	56	static
../Core/Src/main.c:322:6:HAL_UART_RxCpltCallback	40	static
../Core/Src/main.c:366:6:SystemClock_Config	72	static
../Core/Src/main.c:402:13:MX_I2C1_Init	8	static
../Core/Src/main.c:436:13:MX_I2C2_Init	8	static
../Core/Src/main.c:470:13:MX_TIM1_Init	32	static
../Core/Src/main.c:519:13:MX_USART1_UART_Init	8	static
../Core/Src/main.c:552:13:MX_GPIO_Init	40	static
../Core/Src/main.c:581:6:Error_Handler	4	static,ignoring_inline_asm
